.................
----------------------------------------------------------------------
Ran 17 tests in 0.000s

OK
